getUserEntryForName: thisIsNotMeantToExist: getUserEntryForName: does not exist (no user name)
